[09/24/26 05:19:07] info     ================= cer started =================
[09/24/26 05:19:07] info     C:\Program Files\Autodesk\AutoCAD 2027\cer.dll, 7.2.4+20251128.8f05bb68.927
[09/24/26 05:19:07] info     Setting key SP/SDK_VERSION, value 7.2.4+20251128.8f05bb68.927 (maxCount 1)
[09/24/26 05:19:07] info     Setting key SP/PRODUCT_NAME_HASH, value 9d6767a77b9d2cce90e03082e1302957689eeac5 (maxCount 1)
[09/24/26 05:19:07] info     Setting key SP/RUNTIME_ARCH, value 1 (maxCount 1)
[09/24/26 05:19:07] info     Set senddmp exe path to C:\Program Files\Autodesk\AutoCAD 2027\CER\senddmp.exe
[09/24/26 05:19:07] info     The cer_service exe C:\Program Files\Autodesk\AutoCAD 2027\CER\service\cer_service.exe is not in folder C:\Program Files\Autodesk\AutoCAD 2027\CER\, it's not a sandbox
[09/24/26 05:19:07] info     Set upi exe path to C:\Program Files\Autodesk\AutoCAD 2027\CER\upi.exe
[09/24/26 05:19:07] info     launching C:\Program Files\Autodesk\AutoCAD 2027\CER\upi.exe --cmd=get-device-id C:\Users\j-b-j\AppData\Local\Temp\upi_deviceid2
[09/24/26 05:19:07] info     Set deviceID2 to 0BF8E461C00ACCD13F9CFC79C0AE6FADABB0A057CED3709DADFC364E789BC93C&A96879981056D7F77BA4B0BC07F5C5FBF625A16C450851DE8BB45F7278156C7A&59830BE3A470D2A149BFDB9797F33C0AF33AF9B269FC967446DDE587E3233F31
[09/24/26 05:19:07] info     Setting key SP/DEVICEID2, value 0BF8E461C00ACCD13F9CFC79C0AE6FADABB0A057CED3709DADFC364E789BC93C&A96879981056D7F77BA4B0BC07F5C5FBF625A16C450851DE8BB45F7278156C7A&59830BE3A470D2A149BFDB9797F33C0AF33AF9B269FC967446DDE587E3233F31 (maxCount 1)
[09/24/26 05:19:07] info     Setting key SP/UUID, value 9d6767a77b9d2cce90e03082e1302957689eeac50BF8E461C00ACCD13F9CFC79C0AE6FADABB0A057CED3709DADFC364E789BC93C&A96879981056D7F77BA4B0BC07F5C5FBF625A16C450851DE8BB45F7278156C7A&59830BE3A470D2A149BFDB9797F33C0AF33AF9B269FC967446DDE587E3233F31 (maxCount 1)
[09/24/26 05:19:07] info     Set senddmp exe path to C:\Program Files\Autodesk\AutoCAD 2027\CER\senddmp.exe
[09/24/26 05:19:07] info     The cer_service exe C:\Program Files\Autodesk\AutoCAD 2027\CER\service\cer_service.exe is not in folder C:\Program Files\Autodesk\AutoCAD 2027\CER\, it's not a sandbox
[09/24/26 05:19:07] info     launching C:\Program Files\Autodesk\AutoCAD 2027\CER\upi.exe "C:\Program Files\Autodesk\AutoCAD 2027\en-US\UPI\upiconfig.xml" C:\Users\j-b-j\AppData\Local\Temp\upi_info.xml
[09/24/26 05:19:07] info     Setting key SP/UPI_PRODUCT, value ACD (maxCount 1)
[09/24/26 05:19:07] info     Setting key SP/UPI_RELEASE, value 2027 (maxCount 1)
[09/24/26 05:19:07] info     Setting key SP/UPI_MASTER, value {28B89EEF-A101-0409-2102-CF3F3A09B77D} (maxCount 1)
[09/24/26 05:19:07] info     Setting key SP/UPI_BUILD, value 26.0.60.0.0 (maxCount 1)
[09/24/26 05:19:07] info     Setting key SP/UPI_FULL_XML, value <?xml version="1.0"?><upipackage><upivalue version="1.0" type="product" requestingapp="true"><level name="productline" id="ACD"><level name="release" id="2027"><level name="master" id="{28B89EEF-A101-0409-2102-CF3F3A09B77D}"><level name="build" id="26.0.60.0.0"/></level></level></level></upivalue>
<upivalue version="1.0" type="product"><level name="productline" id="PLC0000013"><level name="release" id="2022"><level name="master" id="{0197CA72-138B-4A7E-9E95-E0440AFAEE5F}"><level name="build" id="2.3.7.0"/></level></level></level></upivalue>
<upivalue version="1.0" type="product"><level name="productline" id=""><level name="release" id=""><level name="master" id=""><level name="build" id=""/></level></level></level></upivalue>
<upivalue version="1.0" type="product"><level name="productline" id=""><level name="release" id=""><level name="master" id=""><level name="build" id=""/></level></level></level></upivalue>
<upivalue version="1.0" type="product"><level name="productline" id=""><level name="release" id=""><level name="master" id=""><level name="build" id=""/></level></level></level></upivalue>
<upivalue version="1.0" type="product"><level name="productline" id=""><level name="release" id=""><level name="master" id=""><level name="build" id=""/></level></level></level></upivalue>
<upivalue version="1.0" type="product"><level name="productline" id=""><level name="release" id=""><level name="master" id=""><level name="build" id=""/></level></level></level></upivalue>
<upivalue version="1.0" type="product"><level name="productline" id=""><level name="release" id=""><level name="master" id=""><level name="build" id=""/></level></level></level></upivalue>
<upivalue version="1.0" type="product"><level name="productline" id="PLC0000013"><level name="release" id="2023"><level name="master" id="{C560BA65-D50F-40AD-A1FD-79334BB120E6}"><level name="build" id="3.0.1.1.0"/></level></level></level></upivalue>
<upivalue version="1.0" type="product"><level name="productline" id=""><level name="release" id=""><level name="master" id=""><level name="build" id=""/></level></level></level></upivalue>
<upivalue version="1.0" type="product"><level name="productline" id="ARCHDESK"><level name="release" id="2027"><level name="master" id="{28B89EEE-A104-0000-5102-CF3F3A09B77D}"><level name="build" id="8.9.46.0"/></level></level></level></upivalue>
<upivalue version="1.0" type="product"><level name="productline" id="ACD"><level name="release" id="2027"><level name="master" id="{28B89EEF-A101-0409-1102-CF3F3A09B77D}"><level name="build" id="26.0.60.0.0"/></level></level></level></upivalue>
<upivalue version="1.0" type="product"><level name="productline" id="ACD"><level name="release" id="2027"><level name="master" id="{28B89EEF-A101-0000-0102-CF3F3A09B77D}"><level name="build" id="26.0.60.0.0"/></level></level></level></upivalue>
<upivalue version="1.0" type="product"><level name="productline" id="RVT"><level name="release" id="2027"><level name="master" id="MUI64"><level name="build" id="27.0.4.412"/></level></level></level></upivalue>
</upipackage> (maxCount 1)
[09/24/26 05:19:07] info     set legacy options: /APPICON "C:\Program Files\Autodesk\AutoCAD 2027\AcBrandRes.dll" /APPICONID 1
[09/24/26 05:19:07] info     Setting key RP/AppIcon, value C:\Program Files\Autodesk\AutoCAD 2027\AcBrandRes.dll (maxCount 1)
[09/24/26 05:19:07] info     Setting key RP/AppIconId, value 1 (maxCount 1)
[09/24/26 05:19:07] info     Setting key RP/CadSettingsRegPath, value Software\Autodesk\AutoCAD\R26.0\ACAD-A101:409\CadManagerControl\CustomerErrorReport (maxCount 1)
[09/24/26 05:19:07] info     Setting key RP/AppLocaleId, value 1033 (maxCount 1)
[09/24/26 05:19:07] info     Setting key RP/AppXML, value <ProductInformation name ="AutoCAD" build_version="X.60.0.0(x64)" registry_version="26.0" install_id_string="ACAD-A101:409" registry_localeID="1033" git_commit_id="90c984aa66a571142ee0757584bac517eec2175a" /> (maxCount 100)
[09/24/26 05:19:07] info     Setting key SP/THEME_TYPE, value Blue (maxCount 1)
[09/24/26 05:19:07] info     Setting key SP/EXCEPTION_INFO_POINTER, value 140703592252696 (maxCount 1)
[09/24/26 05:19:07] info     Setting key SP/THREAD_ID, value 4294967295 (maxCount 1)
[09/24/26 05:19:07] info     Get key SP/THREAD_ID, index 0: "4294967295"
[09/24/26 05:19:07] info     Setting key SP/WER, value 0 (maxCount 1)
[09/24/26 05:19:07] info     Get key SP/WER, index 0: "0"
[09/24/26 05:19:07] info     Registered C:\Program Files\Autodesk\AutoCAD 2027\cer.dll as WER runtime exception module
[09/24/26 05:19:07] info     Current ErrorMode is 32771
[09/24/26 05:19:07] debug    Receiver ping: pong
[09/24/26 05:19:10] info     Setting key RP/Headless, value 1 (maxCount 1)
[09/24/26 05:19:11] info     ================= cer stopped =================
[09/24/26 05:19:17] info     ================= cer started =================
[09/24/26 05:19:17] info     C:\Program Files\Autodesk\AutoCAD 2027\cer.dll, 7.2.4+20251128.8f05bb68.927
[09/24/26 05:19:17] info     Setting key SP/SDK_VERSION, value 7.2.4+20251128.8f05bb68.927 (maxCount 1)
[09/24/26 05:19:17] info     Setting key SP/PRODUCT_NAME_HASH, value 9d6767a77b9d2cce90e03082e1302957689eeac5 (maxCount 1)
[09/24/26 05:19:17] info     Setting key SP/RUNTIME_ARCH, value 1 (maxCount 1)
[09/24/26 05:19:17] info     Set senddmp exe path to C:\Program Files\Autodesk\AutoCAD 2027\CER\senddmp.exe
[09/24/26 05:19:17] info     The cer_service exe C:\Program Files\Autodesk\AutoCAD 2027\CER\service\cer_service.exe is not in folder C:\Program Files\Autodesk\AutoCAD 2027\CER\, it's not a sandbox
[09/24/26 05:19:17] info     Set upi exe path to C:\Program Files\Autodesk\AutoCAD 2027\CER\upi.exe
[09/24/26 05:19:17] info     launching C:\Program Files\Autodesk\AutoCAD 2027\CER\upi.exe --cmd=get-device-id C:\Users\j-b-j\AppData\Local\Temp\upi_deviceid2
[09/24/26 05:19:17] info     Set deviceID2 to 0BF8E461C00ACCD13F9CFC79C0AE6FADABB0A057CED3709DADFC364E789BC93C&A96879981056D7F77BA4B0BC07F5C5FBF625A16C450851DE8BB45F7278156C7A&59830BE3A470D2A149BFDB9797F33C0AF33AF9B269FC967446DDE587E3233F31
[09/24/26 05:19:17] info     Setting key SP/DEVICEID2, value 0BF8E461C00ACCD13F9CFC79C0AE6FADABB0A057CED3709DADFC364E789BC93C&A96879981056D7F77BA4B0BC07F5C5FBF625A16C450851DE8BB45F7278156C7A&59830BE3A470D2A149BFDB9797F33C0AF33AF9B269FC967446DDE587E3233F31 (maxCount 1)
[09/24/26 05:19:17] info     Setting key SP/UUID, value 9d6767a77b9d2cce90e03082e1302957689eeac50BF8E461C00ACCD13F9CFC79C0AE6FADABB0A057CED3709DADFC364E789BC93C&A96879981056D7F77BA4B0BC07F5C5FBF625A16C450851DE8BB45F7278156C7A&59830BE3A470D2A149BFDB9797F33C0AF33AF9B269FC967446DDE587E3233F31 (maxCount 1)
[09/24/26 05:19:17] info     Set senddmp exe path to C:\Program Files\Autodesk\AutoCAD 2027\CER\senddmp.exe
[09/24/26 05:19:17] info     The cer_service exe C:\Program Files\Autodesk\AutoCAD 2027\CER\service\cer_service.exe is not in folder C:\Program Files\Autodesk\AutoCAD 2027\CER\, it's not a sandbox
[09/24/26 05:19:17] info     launching C:\Program Files\Autodesk\AutoCAD 2027\CER\upi.exe "C:\Program Files\Autodesk\AutoCAD 2027\en-US\UPI\upiconfig.xml" C:\Users\j-b-j\AppData\Local\Temp\upi_info.xml
[09/24/26 05:19:18] info     Setting key SP/UPI_PRODUCT, value ACD (maxCount 1)
[09/24/26 05:19:18] info     Setting key SP/UPI_RELEASE, value 2027 (maxCount 1)
[09/24/26 05:19:18] info     Setting key SP/UPI_MASTER, value {28B89EEF-A101-0409-2102-CF3F3A09B77D} (maxCount 1)
[09/24/26 05:19:18] info     Setting key SP/UPI_BUILD, value 26.0.60.0.0 (maxCount 1)
[09/24/26 05:19:18] info     Setting key SP/UPI_FULL_XML, value <?xml version="1.0"?><upipackage><upivalue version="1.0" type="product" requestingapp="true"><level name="productline" id="ACD"><level name="release" id="2027"><level name="master" id="{28B89EEF-A101-0409-2102-CF3F3A09B77D}"><level name="build" id="26.0.60.0.0"/></level></level></level></upivalue>
<upivalue version="1.0" type="product"><level name="productline" id="PLC0000013"><level name="release" id="2022"><level name="master" id="{0197CA72-138B-4A7E-9E95-E0440AFAEE5F}"><level name="build" id="2.3.7.0"/></level></level></level></upivalue>
<upivalue version="1.0" type="product"><level name="productline" id=""><level name="release" id=""><level name="master" id=""><level name="build" id=""/></level></level></level></upivalue>
<upivalue version="1.0" type="product"><level name="productline" id=""><level name="release" id=""><level name="master" id=""><level name="build" id=""/></level></level></level></upivalue>
<upivalue version="1.0" type="product"><level name="productline" id=""><level name="release" id=""><level name="master" id=""><level name="build" id=""/></level></level></level></upivalue>
<upivalue version="1.0" type="product"><level name="productline" id=""><level name="release" id=""><level name="master" id=""><level name="build" id=""/></level></level></level></upivalue>
<upivalue version="1.0" type="product"><level name="productline" id=""><level name="release" id=""><level name="master" id=""><level name="build" id=""/></level></level></level></upivalue>
<upivalue version="1.0" type="product"><level name="productline" id=""><level name="release" id=""><level name="master" id=""><level name="build" id=""/></level></level></level></upivalue>
<upivalue version="1.0" type="product"><level name="productline" id="PLC0000013"><level name="release" id="2023"><level name="master" id="{C560BA65-D50F-40AD-A1FD-79334BB120E6}"><level name="build" id="3.0.1.1.0"/></level></level></level></upivalue>
<upivalue version="1.0" type="product"><level name="productline" id=""><level name="release" id=""><level name="master" id=""><level name="build" id=""/></level></level></level></upivalue>
<upivalue version="1.0" type="product"><level name="productline" id="ARCHDESK"><level name="release" id="2027"><level name="master" id="{28B89EEE-A104-0000-5102-CF3F3A09B77D}"><level name="build" id="8.9.46.0"/></level></level></level></upivalue>
<upivalue version="1.0" type="product"><level name="productline" id="ACD"><level name="release" id="2027"><level name="master" id="{28B89EEF-A101-0409-1102-CF3F3A09B77D}"><level name="build" id="26.0.60.0.0"/></level></level></level></upivalue>
<upivalue version="1.0" type="product"><level name="productline" id="ACD"><level name="release" id="2027"><level name="master" id="{28B89EEF-A101-0000-0102-CF3F3A09B77D}"><level name="build" id="26.0.60.0.0"/></level></level></level></upivalue>
<upivalue version="1.0" type="product"><level name="productline" id="RVT"><level name="release" id="2027"><level name="master" id="MUI64"><level name="build" id="27.0.4.412"/></level></level></level></upivalue>
</upipackage> (maxCount 1)
[09/24/26 05:19:18] info     set legacy options: /APPICON "C:\Program Files\Autodesk\AutoCAD 2027\AcBrandRes.dll" /APPICONID 1
[09/24/26 05:19:18] info     Setting key RP/AppIcon, value C:\Program Files\Autodesk\AutoCAD 2027\AcBrandRes.dll (maxCount 1)
[09/24/26 05:19:18] info     Setting key RP/AppIconId, value 1 (maxCount 1)
[09/24/26 05:19:18] info     Setting key RP/CadSettingsRegPath, value Software\Autodesk\AutoCAD\R26.0\ACAD-A101:409\CadManagerControl\CustomerErrorReport (maxCount 1)
[09/24/26 05:19:18] info     Setting key RP/AppLocaleId, value 1033 (maxCount 1)
[09/24/26 05:19:18] info     Setting key RP/AppXML, value <ProductInformation name ="AutoCAD" build_version="X.60.0.0(x64)" registry_version="26.0" install_id_string="ACAD-A101:409" registry_localeID="1033" git_commit_id="90c984aa66a571142ee0757584bac517eec2175a" /> (maxCount 100)
[09/24/26 05:19:18] info     Setting key SP/THEME_TYPE, value Blue (maxCount 1)
[09/24/26 05:19:18] info     Setting key SP/EXCEPTION_INFO_POINTER, value 140703251989784 (maxCount 1)
[09/24/26 05:19:18] info     Setting key SP/THREAD_ID, value 4294967295 (maxCount 1)
[09/24/26 05:19:18] info     Get key SP/THREAD_ID, index 0: "4294967295"
[09/24/26 05:19:18] info     Setting key SP/WER, value 0 (maxCount 1)
[09/24/26 05:19:18] info     Get key SP/WER, index 0: "0"
[09/24/26 05:19:18] info     Registered C:\Program Files\Autodesk\AutoCAD 2027\cer.dll as WER runtime exception module
[09/24/26 05:19:18] info     Current ErrorMode is 32771
[09/24/26 05:19:18] debug    Receiver ping: pong
[09/24/26 05:19:19] info     Setting key RP/Headless, value 1 (maxCount 1)
[09/24/26 05:19:19] info     ================= cer stopped =================
[09/24/26 05:19:21] info     ================= cer started =================
[09/24/26 05:19:21] info     C:\Program Files\Autodesk\AutoCAD 2027\cer.dll, 7.2.4+20251128.8f05bb68.927
[09/24/26 05:19:21] info     Setting key SP/SDK_VERSION, value 7.2.4+20251128.8f05bb68.927 (maxCount 1)
[09/24/26 05:19:21] info     Setting key SP/PRODUCT_NAME_HASH, value 9d6767a77b9d2cce90e03082e1302957689eeac5 (maxCount 1)
[09/24/26 05:19:21] info     Setting key SP/RUNTIME_ARCH, value 1 (maxCount 1)
[09/24/26 05:19:21] info     Set senddmp exe path to C:\Program Files\Autodesk\AutoCAD 2027\CER\senddmp.exe
[09/24/26 05:19:21] info     The cer_service exe C:\Program Files\Autodesk\AutoCAD 2027\CER\service\cer_service.exe is not in folder C:\Program Files\Autodesk\AutoCAD 2027\CER\, it's not a sandbox
[09/24/26 05:19:21] info     Set upi exe path to C:\Program Files\Autodesk\AutoCAD 2027\CER\upi.exe
[09/24/26 05:19:21] info     launching C:\Program Files\Autodesk\AutoCAD 2027\CER\upi.exe --cmd=get-device-id C:\Users\j-b-j\AppData\Local\Temp\upi_deviceid2
[09/24/26 05:19:21] info     Set deviceID2 to 0BF8E461C00ACCD13F9CFC79C0AE6FADABB0A057CED3709DADFC364E789BC93C&A96879981056D7F77BA4B0BC07F5C5FBF625A16C450851DE8BB45F7278156C7A&59830BE3A470D2A149BFDB9797F33C0AF33AF9B269FC967446DDE587E3233F31
[09/24/26 05:19:21] info     Setting key SP/DEVICEID2, value 0BF8E461C00ACCD13F9CFC79C0AE6FADABB0A057CED3709DADFC364E789BC93C&A96879981056D7F77BA4B0BC07F5C5FBF625A16C450851DE8BB45F7278156C7A&59830BE3A470D2A149BFDB9797F33C0AF33AF9B269FC967446DDE587E3233F31 (maxCount 1)
[09/24/26 05:19:21] info     Setting key SP/UUID, value 9d6767a77b9d2cce90e03082e1302957689eeac50BF8E461C00ACCD13F9CFC79C0AE6FADABB0A057CED3709DADFC364E789BC93C&A96879981056D7F77BA4B0BC07F5C5FBF625A16C450851DE8BB45F7278156C7A&59830BE3A470D2A149BFDB9797F33C0AF33AF9B269FC967446DDE587E3233F31 (maxCount 1)
[09/24/26 05:19:21] info     Set senddmp exe path to C:\Program Files\Autodesk\AutoCAD 2027\CER\senddmp.exe
[09/24/26 05:19:21] info     The cer_service exe C:\Program Files\Autodesk\AutoCAD 2027\CER\service\cer_service.exe is not in folder C:\Program Files\Autodesk\AutoCAD 2027\CER\, it's not a sandbox
[09/24/26 05:19:21] info     launching C:\Program Files\Autodesk\AutoCAD 2027\CER\upi.exe "C:\Program Files\Autodesk\AutoCAD 2027\en-US\UPI\upiconfig.xml" C:\Users\j-b-j\AppData\Local\Temp\upi_info.xml
[09/24/26 05:19:21] info     Setting key SP/UPI_PRODUCT, value ACD (maxCount 1)
[09/24/26 05:19:21] info     Setting key SP/UPI_RELEASE, value 2027 (maxCount 1)
[09/24/26 05:19:21] info     Setting key SP/UPI_MASTER, value {28B89EEF-A101-0409-2102-CF3F3A09B77D} (maxCount 1)
[09/24/26 05:19:21] info     Setting key SP/UPI_BUILD, value 26.0.60.0.0 (maxCount 1)
[09/24/26 05:19:21] info     Setting key SP/UPI_FULL_XML, value <?xml version="1.0"?><upipackage><upivalue version="1.0" type="product" requestingapp="true"><level name="productline" id="ACD"><level name="release" id="2027"><level name="master" id="{28B89EEF-A101-0409-2102-CF3F3A09B77D}"><level name="build" id="26.0.60.0.0"/></level></level></level></upivalue>
<upivalue version="1.0" type="product"><level name="productline" id="PLC0000013"><level name="release" id="2022"><level name="master" id="{0197CA72-138B-4A7E-9E95-E0440AFAEE5F}"><level name="build" id="2.3.7.0"/></level></level></level></upivalue>
<upivalue version="1.0" type="product"><level name="productline" id=""><level name="release" id=""><level name="master" id=""><level name="build" id=""/></level></level></level></upivalue>
<upivalue version="1.0" type="product"><level name="productline" id=""><level name="release" id=""><level name="master" id=""><level name="build" id=""/></level></level></level></upivalue>
<upivalue version="1.0" type="product"><level name="productline" id=""><level name="release" id=""><level name="master" id=""><level name="build" id=""/></level></level></level></upivalue>
<upivalue version="1.0" type="product"><level name="productline" id=""><level name="release" id=""><level name="master" id=""><level name="build" id=""/></level></level></level></upivalue>
<upivalue version="1.0" type="product"><level name="productline" id=""><level name="release" id=""><level name="master" id=""><level name="build" id=""/></level></level></level></upivalue>
<upivalue version="1.0" type="product"><level name="productline" id=""><level name="release" id=""><level name="master" id=""><level name="build" id=""/></level></level></level></upivalue>
<upivalue version="1.0" type="product"><level name="productline" id="PLC0000013"><level name="release" id="2023"><level name="master" id="{C560BA65-D50F-40AD-A1FD-79334BB120E6}"><level name="build" id="3.0.1.1.0"/></level></level></level></upivalue>
<upivalue version="1.0" type="product"><level name="productline" id=""><level name="release" id=""><level name="master" id=""><level name="build" id=""/></level></level></level></upivalue>
<upivalue version="1.0" type="product"><level name="productline" id="ARCHDESK"><level name="release" id="2027"><level name="master" id="{28B89EEE-A104-0000-5102-CF3F3A09B77D}"><level name="build" id="8.9.46.0"/></level></level></level></upivalue>
<upivalue version="1.0" type="product"><level name="productline" id="ACD"><level name="release" id="2027"><level name="master" id="{28B89EEF-A101-0409-1102-CF3F3A09B77D}"><level name="build" id="26.0.60.0.0"/></level></level></level></upivalue>
<upivalue version="1.0" type="product"><level name="productline" id="ACD"><level name="release" id="2027"><level name="master" id="{28B89EEF-A101-0000-0102-CF3F3A09B77D}"><level name="build" id="26.0.60.0.0"/></level></level></level></upivalue>
<upivalue version="1.0" type="product"><level name="productline" id="RVT"><level name="release" id="2027"><level name="master" id="MUI64"><level name="build" id="27.0.4.412"/></level></level></level></upivalue>
</upipackage> (maxCount 1)
[09/24/26 05:19:21] info     set legacy options: /APPICON "C:\Program Files\Autodesk\AutoCAD 2027\AcBrandRes.dll" /APPICONID 1
[09/24/26 05:19:21] info     Setting key RP/AppIcon, value C:\Program Files\Autodesk\AutoCAD 2027\AcBrandRes.dll (maxCount 1)
[09/24/26 05:19:21] info     Setting key RP/AppIconId, value 1 (maxCount 1)
[09/24/26 05:19:21] info     Setting key RP/CadSettingsRegPath, value Software\Autodesk\AutoCAD\R26.0\ACAD-A101:409\CadManagerControl\CustomerErrorReport (maxCount 1)
[09/24/26 05:19:21] info     Setting key RP/AppLocaleId, value 1033 (maxCount 1)
[09/24/26 05:19:21] info     Setting key RP/AppXML, value <ProductInformation name ="AutoCAD" build_version="X.60.0.0(x64)" registry_version="26.0" install_id_string="ACAD-A101:409" registry_localeID="1033" git_commit_id="90c984aa66a571142ee0757584bac517eec2175a" /> (maxCount 100)
[09/24/26 05:19:21] info     Setting key SP/THEME_TYPE, value Blue (maxCount 1)
[09/24/26 05:19:21] info     Setting key SP/EXCEPTION_INFO_POINTER, value 140703596250392 (maxCount 1)
[09/24/26 05:19:21] info     Setting key SP/THREAD_ID, value 4294967295 (maxCount 1)
[09/24/26 05:19:21] info     Get key SP/THREAD_ID, index 0: "4294967295"
[09/24/26 05:19:21] info     Setting key SP/WER, value 0 (maxCount 1)
[09/24/26 05:19:21] info     Get key SP/WER, index 0: "0"
[09/24/26 05:19:21] info     Registered C:\Program Files\Autodesk\AutoCAD 2027\cer.dll as WER runtime exception module
[09/24/26 05:19:21] info     Current ErrorMode is 32771
[09/24/26 05:19:21] debug    Receiver ping: pong
[09/24/26 05:19:22] info     Setting key RP/Headless, value 1 (maxCount 1)
[09/24/26 05:19:23] info     ================= cer stopped =================
[09/24/26 05:22:29] info     ================= cer started =================
[09/24/26 05:22:29] info     C:\Program Files\Autodesk\AutoCAD 2027\cer.dll, 7.2.4+20251128.8f05bb68.927
[09/24/26 05:22:29] info     Setting key SP/SDK_VERSION, value 7.2.4+20251128.8f05bb68.927 (maxCount 1)
[09/24/26 05:22:29] info     Setting key SP/PRODUCT_NAME_HASH, value 9d6767a77b9d2cce90e03082e1302957689eeac5 (maxCount 1)
[09/24/26 05:22:29] info     Setting key SP/RUNTIME_ARCH, value 1 (maxCount 1)
[09/24/26 05:22:29] info     Set senddmp exe path to C:\Program Files\Autodesk\AutoCAD 2027\CER\senddmp.exe
[09/24/26 05:22:29] info     The cer_service exe C:\Program Files\Autodesk\AutoCAD 2027\CER\service\cer_service.exe is not in folder C:\Program Files\Autodesk\AutoCAD 2027\CER\, it's not a sandbox
[09/24/26 05:22:29] info     Set upi exe path to C:\Program Files\Autodesk\AutoCAD 2027\CER\upi.exe
[09/24/26 05:22:29] info     launching C:\Program Files\Autodesk\AutoCAD 2027\CER\upi.exe --cmd=get-device-id C:\Users\j-b-j\AppData\Local\Temp\upi_deviceid2
[09/24/26 05:22:29] info     Set deviceID2 to 0BF8E461C00ACCD13F9CFC79C0AE6FADABB0A057CED3709DADFC364E789BC93C&A96879981056D7F77BA4B0BC07F5C5FBF625A16C450851DE8BB45F7278156C7A&59830BE3A470D2A149BFDB9797F33C0AF33AF9B269FC967446DDE587E3233F31
[09/24/26 05:22:29] info     Setting key SP/DEVICEID2, value 0BF8E461C00ACCD13F9CFC79C0AE6FADABB0A057CED3709DADFC364E789BC93C&A96879981056D7F77BA4B0BC07F5C5FBF625A16C450851DE8BB45F7278156C7A&59830BE3A470D2A149BFDB9797F33C0AF33AF9B269FC967446DDE587E3233F31 (maxCount 1)
[09/24/26 05:22:29] info     Setting key SP/UUID, value 9d6767a77b9d2cce90e03082e1302957689eeac50BF8E461C00ACCD13F9CFC79C0AE6FADABB0A057CED3709DADFC364E789BC93C&A96879981056D7F77BA4B0BC07F5C5FBF625A16C450851DE8BB45F7278156C7A&59830BE3A470D2A149BFDB9797F33C0AF33AF9B269FC967446DDE587E3233F31 (maxCount 1)
[09/24/26 05:22:29] info     Set senddmp exe path to C:\Program Files\Autodesk\AutoCAD 2027\CER\senddmp.exe
[09/24/26 05:22:29] info     The cer_service exe C:\Program Files\Autodesk\AutoCAD 2027\CER\service\cer_service.exe is not in folder C:\Program Files\Autodesk\AutoCAD 2027\CER\, it's not a sandbox
[09/24/26 05:22:29] info     launching C:\Program Files\Autodesk\AutoCAD 2027\CER\upi.exe "C:\Program Files\Autodesk\AutoCAD 2027\en-US\UPI\upiconfig.xml" C:\Users\j-b-j\AppData\Local\Temp\upi_info.xml
[09/24/26 05:22:29] info     Setting key SP/UPI_PRODUCT, value ACD (maxCount 1)
[09/24/26 05:22:29] info     Setting key SP/UPI_RELEASE, value 2027 (maxCount 1)
[09/24/26 05:22:29] info     Setting key SP/UPI_MASTER, value {28B89EEF-A101-0409-2102-CF3F3A09B77D} (maxCount 1)
[09/24/26 05:22:29] info     Setting key SP/UPI_BUILD, value 26.0.60.0.0 (maxCount 1)
[09/24/26 05:22:29] info     Setting key SP/UPI_FULL_XML, value <?xml version="1.0"?><upipackage><upivalue version="1.0" type="product" requestingapp="true"><level name="productline" id="ACD"><level name="release" id="2027"><level name="master" id="{28B89EEF-A101-0409-2102-CF3F3A09B77D}"><level name="build" id="26.0.60.0.0"/></level></level></level></upivalue>
<upivalue version="1.0" type="product"><level name="productline" id="PLC0000013"><level name="release" id="2022"><level name="master" id="{0197CA72-138B-4A7E-9E95-E0440AFAEE5F}"><level name="build" id="2.3.7.0"/></level></level></level></upivalue>
<upivalue version="1.0" type="product"><level name="productline" id=""><level name="release" id=""><level name="master" id=""><level name="build" id=""/></level></level></level></upivalue>
<upivalue version="1.0" type="product"><level name="productline" id=""><level name="release" id=""><level name="master" id=""><level name="build" id=""/></level></level></level></upivalue>
<upivalue version="1.0" type="product"><level name="productline" id=""><level name="release" id=""><level name="master" id=""><level name="build" id=""/></level></level></level></upivalue>
<upivalue version="1.0" type="product"><level name="productline" id=""><level name="release" id=""><level name="master" id=""><level name="build" id=""/></level></level></level></upivalue>
<upivalue version="1.0" type="product"><level name="productline" id=""><level name="release" id=""><level name="master" id=""><level name="build" id=""/></level></level></level></upivalue>
<upivalue version="1.0" type="product"><level name="productline" id=""><level name="release" id=""><level name="master" id=""><level name="build" id=""/></level></level></level></upivalue>
<upivalue version="1.0" type="product"><level name="productline" id="PLC0000013"><level name="release" id="2023"><level name="master" id="{C560BA65-D50F-40AD-A1FD-79334BB120E6}"><level name="build" id="3.0.1.1.0"/></level></level></level></upivalue>
<upivalue version="1.0" type="product"><level name="productline" id=""><level name="release" id=""><level name="master" id=""><level name="build" id=""/></level></level></level></upivalue>
<upivalue version="1.0" type="product"><level name="productline" id="ARCHDESK"><level name="release" id="2027"><level name="master" id="{28B89EEE-A104-0000-5102-CF3F3A09B77D}"><level name="build" id="8.9.46.0"/></level></level></level></upivalue>
<upivalue version="1.0" type="product"><level name="productline" id="ACD"><level name="release" id="2027"><level name="master" id="{28B89EEF-A101-0409-1102-CF3F3A09B77D}"><level name="build" id="26.0.60.0.0"/></level></level></level></upivalue>
<upivalue version="1.0" type="product"><level name="productline" id="ACD"><level name="release" id="2027"><level name="master" id="{28B89EEF-A101-0000-0102-CF3F3A09B77D}"><level name="build" id="26.0.60.0.0"/></level></level></level></upivalue>
<upivalue version="1.0" type="product"><level name="productline" id="RVT"><level name="release" id="2027"><level name="master" id="MUI64"><level name="build" id="27.0.4.412"/></level></level></level></upivalue>
</upipackage> (maxCount 1)
[09/24/26 05:22:29] info     set legacy options: /APPICON "C:\Program Files\Autodesk\AutoCAD 2027\AcBrandRes.dll" /APPICONID 1
[09/24/26 05:22:29] info     Setting key RP/AppIcon, value C:\Program Files\Autodesk\AutoCAD 2027\AcBrandRes.dll (maxCount 1)
[09/24/26 05:22:29] info     Setting key RP/AppIconId, value 1 (maxCount 1)
[09/24/26 05:22:29] info     Setting key RP/CadSettingsRegPath, value Software\Autodesk\AutoCAD\R26.0\ACAD-A101:409\CadManagerControl\CustomerErrorReport (maxCount 1)
[09/24/26 05:22:29] info     Setting key RP/AppLocaleId, value 1033 (maxCount 1)
[09/24/26 05:22:29] info     Setting key RP/AppXML, value <ProductInformation name ="AutoCAD" build_version="X.60.0.0(x64)" registry_version="26.0" install_id_string="ACAD-A101:409" registry_localeID="1033" git_commit_id="90c984aa66a571142ee0757584bac517eec2175a" /> (maxCount 100)
[09/24/26 05:22:29] info     Setting key SP/THEME_TYPE, value Blue (maxCount 1)
[09/24/26 05:22:29] info     Setting key SP/EXCEPTION_INFO_POINTER, value 140703260247320 (maxCount 1)
[09/24/26 05:22:29] info     Setting key SP/THREAD_ID, value 4294967295 (maxCount 1)
[09/24/26 05:22:29] info     Get key SP/THREAD_ID, index 0: "4294967295"
[09/24/26 05:22:29] info     Setting key SP/WER, value 0 (maxCount 1)
[09/24/26 05:22:29] info     Get key SP/WER, index 0: "0"
[09/24/26 05:22:29] info     Registered C:\Program Files\Autodesk\AutoCAD 2027\cer.dll as WER runtime exception module
[09/24/26 05:22:29] info     Current ErrorMode is 32771
[09/24/26 05:22:29] debug    Receiver ping: pong
[09/24/26 05:22:31] info     Setting key RP/Headless, value 1 (maxCount 1)
[09/24/26 05:22:32] info     ================= cer stopped =================
